excalidraw-app/App.tsx(6,3): error TS6133: 'useEditorInterface' is declared but its value is never read.
excalidraw-app/App.tsx(110,1): error TS6133: 'collabErrorIndicatorAtom' is declared but its value is never read.
excalidraw-app/components/AppSidebar.tsx(1,1): error TS6133: 'React' is declared but its value is never read.
excalidraw-app/components/TopErrorBoundary.tsx(40,22): error TS6133: 'state' is declared but its value is never read.
excalidraw-app/debug.ts(107,6): error TS6133: 'type' is declared but its value is never read.
excalidraw-app/tests/collab.test.tsx(22,20): error TS6133: 'v' is declared but its value is never read.
packages/element/src/binding.ts(260,6): error TS6133: 'element' is declared but its value is never read.
packages/element/src/binding.ts(685,6): error TS6133: 'e' is declared but its value is never read.
packages/element/src/binding.ts(2411,30): error TS6133: 'index' is declared but its value is never read.
packages/element/src/elbowArrow.ts(574,57): error TS6133: 'i' is declared but its value is never read.
packages/element/src/elbowArrow.ts(2279,6): error TS6133: 'element' is declared but its value is never read.
packages/element/src/elementLink.ts(16,10): error TS6133: 'type' is declared but its value is never read.
packages/element/src/groups.ts(234,15): error TS6133: 'groupId' is declared but its value is never read.
packages/element/src/groups.ts(235,21): error TS6133: 'isSelected' is declared but its value is never read.
packages/element/src/Scene.ts(90,8): error TS6196: '_' is declared but never used.
packages/element/src/zindex.ts(338,36): error TS6133: 'i' is declared but its value is never read.
packages/element/tests/cropElement.test.tsx(1,1): error TS6133: 'React' is declared but its value is never read.
packages/excalidraw/actions/actionAddToLibrary.ts(13,13): error TS6133: 'elements' is declared but its value is never read.
packages/excalidraw/actions/actionAlign.tsx(84,15): error TS6133: 'elements' is declared but its value is never read.
packages/excalidraw/actions/actionAlign.tsx(84,35): error TS6133: 'appProps' is declared but its value is never read.
packages/excalidraw/actions/actionAlign.tsx(118,15): error TS6133: 'elements' is declared but its value is never read.
packages/excalidraw/actions/actionAlign.tsx(118,35): error TS6133: 'appProps' is declared but its value is never read.
packages/excalidraw/actions/actionAlign.tsx(152,15): error TS6133: 'elements' is declared but its value is never read.
packages/excalidraw/actions/actionAlign.tsx(152,35): error TS6133: 'appProps' is declared but its value is never read.
packages/excalidraw/actions/actionAlign.tsx(186,15): error TS6133: 'elements' is declared but its value is never read.
packages/excalidraw/actions/actionAlign.tsx(186,35): error TS6133: 'appProps' is declared but its value is never read.
packages/excalidraw/actions/actionAlign.tsx(220,15): error TS6133: 'elements' is declared but its value is never read.
packages/excalidraw/actions/actionAlign.tsx(220,35): error TS6133: 'appProps' is declared but its value is never read.
packages/excalidraw/actions/actionAlign.tsx(250,15): error TS6133: 'elements' is declared but its value is never read.
packages/excalidraw/actions/actionAlign.tsx(250,35): error TS6133: 'appProps' is declared but its value is never read.
packages/excalidraw/actions/actionBoundText.tsx(58,15): error TS6133: 'elements' is declared but its value is never read.
packages/excalidraw/actions/actionBoundText.tsx(113,15): error TS6133: 'elements' is declared but its value is never read.
packages/excalidraw/actions/actionBoundText.tsx(227,15): error TS6133: 'elements' is declared but its value is never read.
packages/excalidraw/actions/actionCanvas.tsx(58,15): error TS6133: 'elements' is declared but its value is never read.
packages/excalidraw/actions/actionCanvas.tsx(58,35): error TS6133: 'props' is declared but its value is never read.
packages/excalidraw/actions/actionCanvas.tsx(72,54): error TS6133: 'appProps' is declared but its value is never read.
packages/excalidraw/actions/actionCanvas.tsx(72,64): error TS6133: 'data' is declared but its value is never read.
packages/excalidraw/actions/actionCanvas.tsx(96,15): error TS6133: 'elements' is declared but its value is never read.
packages/excalidraw/actions/actionCanvas.tsx(96,35): error TS6133: 'props' is declared but its value is never read.
packages/excalidraw/actions/actionCanvas.tsx(141,37): error TS6133: 'app' is declared but its value is never read.
packages/excalidraw/actions/actionCanvas.tsx(182,37): error TS6133: 'app' is declared but its value is never read.
packages/excalidraw/actions/actionCanvas.tsx(223,37): error TS6133: 'app' is declared but its value is never read.
packages/excalidraw/actions/actionCanvas.tsx(477,20): error TS6133: 'elements' is declared but its value is never read.
packages/excalidraw/actions/actionCanvas.tsx(492,15): error TS6133: 'elements' is declared but its value is never read.
packages/excalidraw/actions/actionCanvas.tsx(492,25): error TS6133: 'appState' is declared but its value is never read.
packages/excalidraw/actions/actionCanvas.tsx(492,35): error TS6133: 'props' is declared but its value is never read.
packages/excalidraw/actions/actionCanvas.tsx(501,13): error TS6133: 'elements' is declared but its value is never read.
packages/excalidraw/actions/actionCanvas.tsx(537,15): error TS6133: 'elements' is declared but its value is never read.
packages/excalidraw/actions/actionCanvas.tsx(537,25): error TS6133: 'appState' is declared but its value is never read.
packages/excalidraw/actions/actionCanvas.tsx(537,35): error TS6133: 'props' is declared but its value is never read.
packages/excalidraw/actions/actionCanvas.tsx(540,13): error TS6133: 'elements' is declared but its value is never read.
packages/excalidraw/actions/actionCanvas.tsx(574,13): error TS6133: 'elements' is declared but its value is never read.
packages/excalidraw/actions/actionClipboard.tsx(28,19): error TS6133: 'elements' is declared but its value is never read.
packages/excalidraw/actions/actionClipboard.tsx(59,19): error TS6133: 'elements' is declared but its value is never read.
packages/excalidraw/actions/actionClipboard.tsx(59,39): error TS6133: 'data' is declared but its value is never read.
packages/excalidraw/actions/actionClipboard.tsx(321,13): error TS6133: 'elements' is declared but its value is never read.
packages/excalidraw/actions/actionClipboard.tsx(336,15): error TS6133: 'elements' is declared but its value is never read.
packages/excalidraw/actions/actionCropEditor.tsx(20,11): error TS6133: 'elements' is declared but its value is never read.
packages/excalidraw/actions/actionCropEditor.tsx(35,15): error TS6133: 'elements' is declared but its value is never read.
packages/excalidraw/actions/actionCropEditor.tsx(46,22): error TS6133: 'appState' is declared but its value is never read.
packages/excalidraw/actions/actionCropEditor.tsx(46,44): error TS6133: 'app' is declared but its value is never read.
packages/excalidraw/actions/actionDeleteSelected.test.tsx(1,1): error TS6133: 'React' is declared but its value is never read.
packages/excalidraw/actions/actionDeleteSelected.tsx(213,33): error TS6133: 'formData' is declared but its value is never read.
packages/excalidraw/actions/actionDeleteSelected.tsx(305,20): error TS6133: 'appState' is declared but its value is never read.
packages/excalidraw/actions/actionDeleteSelected.tsx(305,30): error TS6133: 'elements' is declared but its value is never read.
packages/excalidraw/actions/actionDeleteSelected.tsx(308,54): error TS6133: 'app' is declared but its value is never read.
packages/excalidraw/actions/actionDuplicateSelection.tsx(39,33): error TS6133: 'formData' is declared but its value is never read.
packages/excalidraw/actions/actionDuplicateSelection.tsx(112,54): error TS6133: 'app' is declared but its value is never read.
packages/excalidraw/actions/actionElementLink.ts(103,35): error TS6133: 'appProps' is declared but its value is never read.
packages/excalidraw/actions/actionElementLink.ts(103,45): error TS6133: 'app' is declared but its value is never read.
packages/excalidraw/actions/actionElementLock.test.tsx(2,1): error TS6133: 'React' is declared but its value is never read.
packages/excalidraw/actions/actionElementLock.ts(26,11): error TS6133: 'elements' is declared but its value is never read.
packages/excalidraw/actions/actionElementLock.ts(41,15): error TS6133: 'elements' is declared but its value is never read.
packages/excalidraw/actions/actionElementLock.ts(143,30): error TS6133: 'elements' is declared but its value is never read.
packages/excalidraw/actions/actionExport.tsx(5,3): error TS6133: 'THEME' is declared but its value is never read.
packages/excalidraw/actions/actionExport.tsx(12,1): error TS6133: 'Theme' is declared but its value is never read.
packages/excalidraw/actions/actionExport.tsx(14,1): error TS6133: 'useEditorInterface' is declared but its value is never read.
packages/excalidraw/actions/actionExport.tsx(16,1): error TS6133: 'DarkModeToggle' is declared but its value is never read.
packages/excalidraw/actions/actionExport.tsx(19,1): error TS6133: 'Tooltip' is declared but its value is never read.
packages/excalidraw/actions/actionExport.tsx(20,1): error TS6192: All imports in import declaration are unused.
packages/excalidraw/actions/actionExport.tsx(22,1): error TS6133: 'isImageFileHandle' is declared but its value is never read.
packages/excalidraw/actions/actionExport.tsx(23,10): error TS6133: 'nativeFileSystemSupported' is declared but its value is never read.
packages/excalidraw/actions/actionExport.tsx(24,1): error TS6133: 'resaveAsImageWithScene' is declared but its value is never read.
packages/excalidraw/actions/actionExport.tsx(46,22): error TS6133: 'appState' is declared but its value is never read.
packages/excalidraw/actions/actionExport.tsx(46,44): error TS6133: 'appProps' is declared but its value is never read.
packages/excalidraw/actions/actionExport.tsx(218,42): error TS6133: 'app' is declared but its value is never read.
packages/excalidraw/actions/actionFrame.ts(73,15): error TS6133: 'elements' is declared but its value is never read.
packages/excalidraw/actions/actionFrame.ts(104,15): error TS6133: 'elements' is declared but its value is never read.
packages/excalidraw/actions/actionFrame.ts(167,38): error TS6133: 'app' is declared but its value is never read.
packages/excalidraw/actions/actionGroup.tsx(70,3): error TS6133: 'elements' is declared but its value is never read.
packages/excalidraw/actions/actionGroup.tsx(143,50): error TS6133: 'frameId' is declared but its value is never read.
packages/excalidraw/actions/actionGroup.tsx(308,15): error TS6133: 'elements' is declared but its value is never read.
packages/excalidraw/actions/actionHistory.tsx(72,33): error TS6133: 'value' is declared but its value is never read.
packages/excalidraw/actions/actionHistory.tsx(78,22): error TS6133: 'appState' is declared but its value is never read.
packages/excalidraw/actions/actionHistory.tsx(78,50): error TS6133: 'app' is declared but its value is never read.
packages/excalidraw/actions/actionHistory.tsx(118,22): error TS6133: 'appState' is declared but its value is never read.
packages/excalidraw/actions/actionHistory.tsx(118,50): error TS6133: 'app' is declared but its value is never read.
packages/excalidraw/actions/actionLinearEditor.tsx(32,11): error TS6133: 'elements' is declared but its value is never read.
packages/excalidraw/actions/actionLinearEditor.tsx(45,15): error TS6133: 'elements' is declared but its value is never read.
packages/excalidraw/actions/actionLinearEditor.tsx(57,11): error TS6133: 'elements' is declared but its value is never read.
packages/excalidraw/actions/actionLinearEditor.tsx(117,11): error TS6133: 'elements' is declared but its value is never read.
packages/excalidraw/actions/actionLinearEditor.tsx(133,15): error TS6133: 'elements' is declared but its value is never read.
packages/excalidraw/actions/actionNavigate.tsx(59,40): error TS6133: 'appState' is declared but its value is never read.
packages/excalidraw/actions/actionProperties.tsx(343,59): error TS6133: 'data' is declared but its value is never read.
packages/excalidraw/actions/actionProperties.tsx(428,59): error TS6133: 'data' is declared but its value is never read.
packages/excalidraw/actions/actionProperties.tsx(560,59): error TS6133: 'data' is declared but its value is never read.
packages/excalidraw/actions/actionProperties.tsx(617,59): error TS6133: 'data' is declared but its value is never read.
packages/excalidraw/actions/actionProperties.tsx(672,59): error TS6133: 'data' is declared but its value is never read.
packages/excalidraw/actions/actionProperties.tsx(834,33): error TS6133: 'value' is declared but its value is never read.
packages/excalidraw/actions/actionProperties.tsx(858,33): error TS6133: 'value' is declared but its value is never read.
packages/excalidraw/actions/actionProperties.tsx(1718,13): error TS6133: 'elements' is declared but its value is never read.
packages/excalidraw/actions/actionProperties.tsx(1718,23): error TS6133: 'appState' is declared but its value is never read.
packages/excalidraw/actions/actionProperties.tsx(1718,33): error TS6133: 'value' is declared but its value is never read.
packages/excalidraw/actions/actionProperties.tsx(1718,40): error TS6133: 'app' is declared but its value is never read.
packages/excalidraw/actions/actionProperties.tsx(1723,22): error TS6133: 'elements' is declared but its value is never read.
packages/excalidraw/actions/actionProperties.tsx(1723,32): error TS6133: 'appState' is declared but its value is never read.
packages/excalidraw/actions/actionProperties.tsx(1723,42): error TS6133: 'updateData' is declared but its value is never read.
packages/excalidraw/actions/actionProperties.tsx(1723,54): error TS6133: 'app' is declared but its value is never read.
packages/excalidraw/actions/actionSelectAll.ts(23,33): error TS6133: 'value' is declared but its value is never read.
packages/excalidraw/actions/actionStyles.ts(46,33): error TS6133: 'formData' is declared but its value is never read.
packages/excalidraw/actions/actionStyles.ts(77,33): error TS6133: 'formData' is declared but its value is never read.
packages/excalidraw/actions/actionTextAutoResize.ts(21,47): error TS6133: 'app' is declared but its value is never read.
packages/excalidraw/actions/actionTextAutoResize.ts(29,36): error TS6133: 'app' is declared but its value is never read.
packages/excalidraw/actions/actionToggleGridMode.tsx(21,11): error TS6133: 'elements' is declared but its value is never read.
packages/excalidraw/actions/actionToggleGridMode.tsx(32,15): error TS6133: 'element' is declared but its value is never read.
packages/excalidraw/actions/actionToggleGridMode.tsx(32,24): error TS6133: 'appState' is declared but its value is never read.
packages/excalidraw/actions/actionToggleObjectsSnapMode.tsx(18,11): error TS6133: 'elements' is declared but its value is never read.
packages/excalidraw/actions/actionToggleObjectsSnapMode.tsx(29,15): error TS6133: 'elements' is declared but its value is never read.
packages/excalidraw/actions/actionToggleObjectsSnapMode.tsx(29,25): error TS6133: 'appState' is declared but its value is never read.
packages/excalidraw/actions/actionTogglePresentationMode.tsx(16,31): error TS6133: 'value' is declared but its value is never read.
packages/excalidraw/actions/actionTogglePresentationMode.tsx(16,38): error TS6133: 'app' is declared but its value is never read.
packages/excalidraw/actions/actionTogglePresentationMode.tsx(85,15): error TS6133: 'elements' is declared but its value is never read.
packages/excalidraw/actions/actionTogglePresentationMode.tsx(85,25): error TS6133: 'appState' is declared but its value is never read.
packages/excalidraw/actions/actionTogglePresentationMode.tsx(85,35): error TS6133: 'appProps' is declared but its value is never read.
packages/excalidraw/actions/actionTogglePresentationMode.tsx(85,45): error TS6133: 'app' is declared but its value is never read.
packages/excalidraw/actions/actionToggleSearchMenu.ts(27,11): error TS6133: 'elements' is declared but its value is never read.
packages/excalidraw/actions/actionToggleSearchMenu.ts(56,15): error TS6133: 'element' is declared but its value is never read.
packages/excalidraw/actions/actionToggleSearchMenu.ts(56,24): error TS6133: 'appState' is declared but its value is never read.
packages/excalidraw/actions/actionToggleShapeSwitch.tsx(23,11): error TS6133: 'elements' is declared but its value is never read.
packages/excalidraw/actions/actionToggleShapeSwitch.tsx(23,21): error TS6133: 'appState' is declared but its value is never read.
packages/excalidraw/actions/actionToggleShapeSwitch.tsx(23,34): error TS6133: 'app' is declared but its value is never read.
packages/excalidraw/actions/actionToggleShapeSwitch.tsx(33,25): error TS6133: 'appState' is declared but its value is never read.
packages/excalidraw/actions/actionToggleShapeSwitch.tsx(33,35): error TS6133: 'props' is declared but its value is never read.
packages/excalidraw/actions/actionToggleStats.tsx(16,11): error TS6133: 'elements' is declared but its value is never read.
packages/excalidraw/actions/actionToggleViewMode.tsx(18,11): error TS6133: 'elements' is declared but its value is never read.
packages/excalidraw/actions/actionToggleViewMode.tsx(28,15): error TS6133: 'elements' is declared but its value is never read.
packages/excalidraw/actions/actionToggleViewMode.tsx(28,25): error TS6133: 'appState' is declared but its value is never read.
packages/excalidraw/actions/actionToggleZenMode.tsx(18,11): error TS6133: 'elements' is declared but its value is never read.
packages/excalidraw/actions/actionToggleZenMode.tsx(28,15): error TS6133: 'elements' is declared but its value is never read.
packages/excalidraw/actions/actionToggleZenMode.tsx(28,25): error TS6133: 'appState' is declared but its value is never read.
packages/excalidraw/actions/actionZindex.tsx(29,33): error TS6133: 'value' is declared but its value is never read.
packages/excalidraw/actions/actionZindex.tsx(41,34): error TS6133: 'appState' is declared but its value is never read.
packages/excalidraw/actions/actionZindex.tsx(59,33): error TS6133: 'value' is declared but its value is never read.
packages/excalidraw/actions/actionZindex.tsx(71,34): error TS6133: 'appState' is declared but its value is never read.
packages/excalidraw/actions/actionZindex.tsx(104,34): error TS6133: 'appState' is declared but its value is never read.
packages/excalidraw/actions/actionZindex.tsx(142,34): error TS6133: 'appState' is declared but its value is never read.
packages/excalidraw/actions/actionZindex.tsx(146,17): error TS6133: 'event' is declared but its value is never read.
packages/excalidraw/components/Actions.tsx(214,9): error TS6133: 'showAlignActions' is declared but its value is never read.
packages/excalidraw/components/Actions.tsx(832,9): error TS6133: 'showLineEditorAction' is declared but its value is never read.
packages/excalidraw/components/Actions.tsx(1111,54): error TS6133: 'index' is declared but its value is never read.
packages/excalidraw/components/Actions.tsx(1190,26): error TS6133: 'pointerType' is declared but its value is never read.
packages/excalidraw/components/Actions.tsx(1321,3): error TS6133: 'zoom' is declared but its value is never read.
packages/excalidraw/components/App.tsx(31,3): error TS6133: 'DEFAULT_MAX_IMAGE_WIDTH_OR_HEIGHT' is declared but its value is never read.
packages/excalidraw/components/App.tsx(377,3): error TS6133: 'resizeImageFile' is declared but its value is never read.
packages/excalidraw/components/App.tsx(1353,30): error TS6133: 'ref' is declared but its value is never read.
packages/excalidraw/components/App.tsx(2872,22): error TS6133: 'prevState' is declared but its value is never read.
packages/excalidraw/components/App.tsx(2882,11): error TS6133: 'setDesktopUIMode' is declared but its value is never read.
packages/excalidraw/components/App.tsx(6277,5): error TS6133: 'isTouchScreen' is declared but its value is never read.
packages/excalidraw/components/App.tsx(6542,12): error TS6133: 'el' is declared but its value is never read.
packages/excalidraw/components/App.tsx(6573,14): error TS6133: 'el' is declared but its value is never read.
packages/excalidraw/components/App.tsx(6727,10): error TS6133: 'el' is declared but its value is never read.
packages/excalidraw/components/App.tsx(6983,30): error TS6133: 'event' is declared but its value is never read.
packages/excalidraw/components/App.tsx(7202,22): error TS6133: 'prevState' is declared but its value is never read.
packages/excalidraw/components/App.tsx(10260,28): error TS6133: 'prevState' is declared but its value is never read.
packages/excalidraw/components/Button.tsx(36,52): error TS6133: 'event' is declared but its value is never read.
packages/excalidraw/components/ColorPicker/ColorPicker.tsx(210,22): error TS6133: 'event' is declared but its value is never read.
packages/excalidraw/components/ColorPicker/HotkeyLabel.tsx(1,1): error TS6133: 'React' is declared but its value is never read.
packages/excalidraw/components/ColorPicker/keyboardNavHandlers.ts(135,3): error TS6133: 'updateData' is declared but its value is never read.
packages/excalidraw/components/CommandPalette/CommandPalette.tsx(128,29): error TS6133: 'idx' is declared but its value is never read.
packages/excalidraw/components/CommandPalette/CommandPalette.tsx(349,38): error TS6133: 'appProps' is declared but its value is never read.
packages/excalidraw/components/CommandPalette/CommandPalette.tsx(349,48): error TS6133: 'app' is declared but its value is never read.
packages/excalidraw/components/CommandPalette/CommandPalette.tsx(479,26): error TS6133: 'prevState' is declared but its value is never read.
packages/excalidraw/components/CommandPalette/CommandPalette.tsx(498,26): error TS6133: 'prevState' is declared but its value is never read.
packages/excalidraw/components/CommandPalette/CommandPalette.tsx(541,23): error TS6133: 'event' is declared but its value is never read.
packages/excalidraw/components/CommandPalette/CommandPalette.tsx(947,58): error TS6133: 'idx' is declared but its value is never read.
packages/excalidraw/components/DefaultSidebar.test.tsx(1,1): error TS6133: 'React' is declared but its value is never read.
packages/excalidraw/components/dropdownMenu/common.ts(28,45): error TS6133: 'event' is declared but its value is never read.
packages/excalidraw/components/dropdownMenu/DropdownMenu.test.tsx(1,1): error TS6133: 'React' is declared but its value is never read.
packages/excalidraw/components/dropdownMenu/DropdownMenuSeparator.tsx(1,1): error TS6133: 'React' is declared but its value is never read.
packages/excalidraw/components/FontPicker/FontPickerTrigger.tsx(20,3): error TS6133: 'selectedFontFamily' is declared but its value is never read.
packages/excalidraw/components/hoc/withInternalFallback.test.tsx(1,1): error TS6133: 'React' is declared but its value is never read.
packages/excalidraw/components/IconPicker.tsx(122,31): error TS6133: 'i' is declared but its value is never read.
packages/excalidraw/components/IconPicker.tsx(128,23): error TS6133: 'event' is declared but its value is never read.
packages/excalidraw/components/icons.tsx(17,31): error TS6133: 'theme' is declared but its value is never read.
packages/excalidraw/components/icons.tsx(1665,45): error TS6133: 'theme' is declared but its value is never read.
packages/excalidraw/components/icons.tsx(1683,48): error TS6133: 'theme' is declared but its value is never read.
packages/excalidraw/components/icons.tsx(1701,48): error TS6133: 'theme' is declared but its value is never read.
packages/excalidraw/components/LibraryMenuItems.tsx(339,23): error TS6133: 'event' is declared but its value is never read.
packages/excalidraw/components/LibraryUnit.tsx(85,24): error TS6133: 'checked' is declared but its value is never read.
packages/excalidraw/components/MobileMenu.tsx(61,3): error TS6133: 'UIOptions' is declared but its value is never read.
packages/excalidraw/components/MobileToolBar.tsx(128,47): error TS6133: 'pointerType' is declared but its value is never read.
packages/excalidraw/components/SearchMenu.tsx(110,51): error TS6133: 'index' is declared but its value is never read.
packages/excalidraw/components/shapes.tsx(107,51): error TS6133: 'index' is declared but its value is never read.
packages/excalidraw/components/Sidebar/Sidebar.test.tsx(1,1): error TS6133: 'React' is declared but its value is never read.
packages/excalidraw/components/Stats/DragInput.tsx(221,25): error TS6133: 'event' is declared but its value is never read.
packages/excalidraw/components/Stats/Position.tsx(175,3): error TS6133: 'elementsMap' is declared but its value is never read.
packages/excalidraw/components/Stats/stats.test.tsx(3,1): error TS6133: 'React' is declared but its value is never read.
packages/excalidraw/fonts/Fonts.ts(462,18): error TS6133: 'getAllFamilies' is declared but its value is never read.
packages/excalidraw/renderer/interactiveScene.ts(789,15): error TS6133: 'id' is declared but its value is never read.
packages/excalidraw/renderer/interactiveScene.ts(790,16): error TS6133: 'isSelected' is declared but its value is never read.
packages/excalidraw/renderer/staticScene.ts(119,3): error TS6133: 'renderConfig' is declared but its value is never read.
packages/excalidraw/tests/actionStyles.test.tsx(1,1): error TS6133: 'React' is declared but its value is never read.
packages/excalidraw/tests/App.test.tsx(1,1): error TS6133: 'React' is declared but its value is never read.
packages/excalidraw/tests/appState.test.tsx(1,1): error TS6133: 'React' is declared but its value is never read.
packages/excalidraw/tests/clipboard.test.tsx(1,1): error TS6133: 'React' is declared but its value is never read.
packages/excalidraw/tests/clipboard.test.tsx(164,14): error TS6133: 'fx' is declared but its value is never read.
packages/excalidraw/tests/clipboard.test.tsx(167,16): error TS6133: 'fx' is declared but its value is never read.
packages/excalidraw/tests/clipboard.test.tsx(187,14): error TS6133: 'fx' is declared but its value is never read.
packages/excalidraw/tests/clipboard.test.tsx(189,14): error TS6133: 'lx' is declared but its value is never read.
packages/excalidraw/tests/contextmenu.test.tsx(1,1): error TS6133: 'React' is declared but its value is never read.
packages/excalidraw/tests/dragCreate.test.tsx(1,1): error TS6133: 'React' is declared but its value is never read.
packages/excalidraw/tests/excalidraw.test.tsx(2,1): error TS6133: 'React' is declared but its value is never read.
packages/excalidraw/tests/export.test.tsx(1,1): error TS6133: 'React' is declared but its value is never read.
packages/excalidraw/tests/fitToContent.test.tsx(1,1): error TS6133: 'React' is declared but its value is never read.
packages/excalidraw/tests/flip.test.tsx(138,3): error TS6133: 'extraProps' is declared but its value is never read.
packages/excalidraw/tests/flip.test.tsx(203,3): error TS6133: 'toleranceInPx' is declared but its value is never read.
packages/excalidraw/tests/helpers/api.ts(498,33): error TS6133: 'idx' is declared but its value is never read.
packages/excalidraw/tests/helpers/polyfills.ts(5,5): error TS6133: 'type' is declared but its value is never read.
packages/excalidraw/tests/helpers/ui.ts(410,11): error TS6133: 'target' is declared but its value is never read.
packages/excalidraw/tests/history.test.tsx(1,1): error TS6133: 'React' is declared but its value is never read.
packages/excalidraw/tests/library.test.tsx(2,1): error TS6133: 'React' is declared but its value is never read.
packages/excalidraw/tests/MermaidToExcalidraw.test.tsx(1,1): error TS6133: 'React' is declared but its value is never read.
packages/excalidraw/tests/move.test.tsx(1,1): error TS6133: 'React' is declared but its value is never read.
packages/excalidraw/tests/multiPointCreate.test.tsx(1,1): error TS6133: 'React' is declared but its value is never read.
packages/excalidraw/tests/packages/events.test.tsx(1,1): error TS6133: 'React' is declared but its value is never read.
packages/excalidraw/tests/regressionTests.test.tsx(1,1): error TS6133: 'React' is declared but its value is never read.
packages/excalidraw/tests/rotate.test.tsx(1,1): error TS6133: 'React' is declared but its value is never read.
packages/excalidraw/tests/scroll.test.tsx(1,1): error TS6133: 'React' is declared but its value is never read.
packages/excalidraw/tests/search.test.tsx(1,1): error TS6133: 'React' is declared but its value is never read.
packages/excalidraw/tests/selection.test.tsx(1,1): error TS6133: 'React' is declared but its value is never read.
packages/excalidraw/tests/shortcuts.test.tsx(1,1): error TS6133: 'React' is declared but its value is never read.
packages/excalidraw/tests/tool.test.tsx(1,1): error TS6133: 'React' is declared but its value is never read.
packages/excalidraw/tests/viewMode.test.tsx(1,1): error TS6133: 'React' is declared but its value is never read.
packages/excalidraw/wysiwyg/textWysiwyg.tsx(501,24): error TS6133: 'line' is declared but its value is never read.
